// Jest Snapshot v1, https://goo.gl/fbAQLP

exports[`BaseOption component matches the snapshot when component is mounted 1`] = `
<div
  class="option"
  data-option-value="2"
>
  <span>
    Just span
  </span>
</div>
`;
